Microchip MPLAB XC8 Compiler V1.41 ()

Linker command line:

-W-3 --edf=C:\Program Files (x86)\Microchip\xc8\v1.41\dat\en_msgs.txt -cs \
  -h+dist/default/production\RelogioComLCDePIC.X.production.sym \
  --cmf=dist/default/production\RelogioComLCDePIC.X.production.cmf -z \
  -Q18F4550 -oC:\Users\Marco\AppData\Local\Temp\s84s.2 \
  -Mdist/default/production/RelogioComLCDePIC.X.production.map -E1 -ver=XC8 \
  -ASTACK=08Eh-07ffh -pstack=STACK -ACODE=00h-07FFFh -ACONST=00h-07FFFh \
  -ASMALLCONST=0800h-08FFhx120 -AMEDIUMCONST=0800h-07FFFh -ACOMRAM=01h-05Fh \
  -AABS1=00h-07FFh -ABIGRAM=01h-07FFh -ARAM=060h-0FFh,0100h-01FFhx7 \
  -ABANK0=060h-0FFh -ABANK1=0100h-01FFh -ABANK2=0200h-02FFh \
  -ABANK3=0300h-03FFh -ABANK4=0400h-04FFh -ABANK5=0500h-05FFh \
  -ABANK6=0600h-06FFh -ABANK7=0700h-07FFh -ASFR=0F60h-0FFFh \
  -preset_vec=00h,intcode,intcodelo=018h,powerup,init -pramtop=0800h \
  -psmallconst=SMALLCONST -pmediumconst=MEDIUMCONST -pconst=CONST \
  -AFARRAM=00h-00h -ACONFIG=0300000h-030000Dh -pconfig=CONFIG \
  -AIDLOC=0200000h-0200007h -pidloc=IDLOC -AEEDATA=0F00000h-0F000FFh \
  -peeprom_data=EEDATA \
  -prdata=COMRAM,nvrram=COMRAM,nvbit=COMRAM,rbss=COMRAM,rbit=COMRAM \
  -pfarbss=FARRAM,fardata=FARRAM,nvFARRAM=FARRAM \
  -pintsave_regs=BIGRAM,bigbss=BIGRAM,bigdata=BIGRAM -pbss=RAM \
  -pidata=CODE,irdata=CODE,ibigdata=CODE,ifardata=CODE -prparam=COMRAM \
  C:\Users\Marco\AppData\Local\Temp\s84s.obj \
  dist/default/production\RelogioComLCDePIC.X.production.obj 

Object code version is 3.11

Machine type is 18F4550

Call graph: (short form)




                Name                               Link     Load   Length Selector   Space Scale
C:\Users\Marco\AppData\Local\Temp\s84s.obj
                init                                 C4       C4        4        C       0
                reset_vec                             0        0        4        0       0
                idloc                            200000   200000        8   200000       0
                config                           300000   300000        E   300000       0
dist/default/production\RelogioComLCDePIC.X.production.obj
                intcodelo                            18       18       AC        C       0
                temp                                 4E       4E        1        1       1
                smallconst                          800      800       50      400       0
                text22                             126E     126E       10      428       0
                text21                             1292     1292        8      428       0
                text20                             1196     1196       3A      428       0
                text19                             1248     1248       16      428       0
                text18                             125E     125E       10      428       0
                text17                             128A     128A        8      428       0
                text16                             1086     1086       52      428       0
                text15                             1158     1158       3E      428       0
                text14                              D62      D62       A4      428       0
                text13                             122A     122A       1E      428       0
                text12                             11D0     11D0       34      428       0
                text11                             1034     1034       52      428       0
                text10                             10D8     10D8       42      428       0
                text9                               850      850      170      428       0
                text8                              1204     1204       26      428       0
                text7                              111A     111A       3E      428       0
                text6                               F7A      F7A       5E      428       0
                text5                               9C0      9C0      140      428       0
                text4                               E06      E06       9E      428       0
                text3                               EA4      EA4       70      428       0
                text2                               FD8      FD8       5C      428       0
                text1                               C32      C32      130      428       0
                text0                               B00      B00      132      428       0
                cstackCOMRAM                          1        1       27        1       1
                cstackBANK0                          74       74        E       60       1
                dataBANK0                            82       82        C       60       1
                bssBANK0                             60       60       14       60       1
                dataCOMRAM                           47       47        7        1       1
                bssCOMRAM                            28       28       1F        1       1
                cinit                               F14      F14       66      428       0
                idataBANK0                         127E     127E        C      428       0
                idataCOMRAM                        129A     129A        7      428       0

TOTAL           Name                               Link     Load   Length     Space
        CLASS   STACK          

        CLASS   CODE           
                intcodelo                            18       18       AC         0
                init                                 C4       C4        4         0
                reset_vec                             0        0        4         0
                text22                             126E     126E       10         0
                text21                             1292     1292        8         0
                text20                             1196     1196       3A         0
                text19                             1248     1248       16         0
                text18                             125E     125E       10         0
                text17                             128A     128A        8         0
                text16                             1086     1086       52         0
                text15                             1158     1158       3E         0
                text14                              D62      D62       A4         0
                text13                             122A     122A       1E         0
                text12                             11D0     11D0       34         0
                text11                             1034     1034       52         0
                text10                             10D8     10D8       42         0
                text9                               850      850      170         0
                text8                              1204     1204       26         0
                text7                              111A     111A       3E         0
                text6                               F7A      F7A       5E         0
                text5                               9C0      9C0      140         0
                text4                               E06      E06       9E         0
                text3                               EA4      EA4       70         0
                text2                               FD8      FD8       5C         0
                text1                               C32      C32      130         0
                text0                               B00      B00      132         0
                cinit                               F14      F14       66         0
                idataBANK0                         127E     127E        C         0
                idataCOMRAM                        129A     129A        7         0

        CLASS   CONST          

        CLASS   SMALLCONST     
                smallconst                          800      800       50         0

        CLASS   MEDIUMCONST    

        CLASS   COMRAM         
                temp                                 4E       4E        1         1
                cstackCOMRAM                          1        1       27         1
                dataCOMRAM                           47       47        7         1
                bssCOMRAM                            28       28       1F         1

        CLASS   ABS1           

        CLASS   BIGRAM         

        CLASS   RAM            

        CLASS   BANK0          
                cstackBANK0                          74       74        E         1
                dataBANK0                            82       82        C         1
                bssBANK0                             60       60       14         1

        CLASS   BANK1          

        CLASS   BANK2          

        CLASS   BANK3          

        CLASS   BANK4          

        CLASS   BANK5          

        CLASS   BANK6          

        CLASS   BANK7          

        CLASS   SFR            

        CLASS   FARRAM         

        CLASS   CONFIG         
                config                           300000   300000        E         0

        CLASS   IDLOC          
                idloc                            200000   200000        8         0

        CLASS   EEDATA         



SEGMENTS        Name                           Load    Length   Top    Selector   Space  Class

                reset_vec                      000000  000004  000004         0       0  CODE    
                cstackCOMRAM                   000001  00004E  00004F         1       1  COMRAM  
                intcodelo                      000018  0000B0  0000C8         C       0  CODE    
                bssBANK0                       000060  00002E  00008E        60       1  BANK0   
                smallconst                     000800  000050  000850       400       0  SMALLCON
                text9                          000850  000A51  0012A1       428       0  CODE    
                idloc                          200000  000008  200008    200000       0  IDLOC   
                config                         300000  00000E  30000E    300000       0  CONFIG  


UNUSED ADDRESS RANGES

        Name                Unused          Largest block    Delta
        BANK0            00008E-0000FF               72
        BANK1            000100-0001FF              100
        BANK2            000200-0002FF              100
        BANK3            000300-0003FF              100
        BANK4            000400-0004FF              100
        BANK5            000500-0005FF              100
        BANK6            000600-0006FF              100
        BANK7            000700-0007FF              100
        BIGRAM           00004F-00005F               11
                         00008E-0007FF              772
        CODE             000004-000017               14
                         0000C8-0007FF              738
                         0012A1-007FFF             6D5F
        COMRAM           00004F-00005F               11
        CONST            000004-000017               14
                         0000C8-0007FF              738
                         0012A1-007FFF             6D5F
        EEDATA           F00000-F000FF              100
        MEDIUMCONST      0012A1-007FFF             6D5F
        RAM              00008E-0007FF              100
        SFR              000F60-000FFF               A0
        SMALLCONST       0012A1-007FFF              100
        STACK            00008E-0007FF              772

                                  Symbol Table

?___awmod                     cstackCOMRAM 000012
?___lwdiv                     cstackCOMRAM 000012
?___lwmod                     cstackCOMRAM 000019
?_converteAnoString           cstackCOMRAM 000025
?_sprintf                     cstackCOMRAM 00001E
Delay10KTCYx@unit             cstackCOMRAM 000013
Delay10TCYx@unit              cstackCOMRAM 000012
Delay1KTCYx@unit              cstackCOMRAM 000012
OpenXLCD@lcdtype              cstackCOMRAM 000017
SetDDRamAddr@DDaddr           cstackCOMRAM 000016
WriteCmdXLCD@cmd              cstackCOMRAM 000013
WriteDataXLCD@data            cstackCOMRAM 000013
_ADCON1                       (abs)        000FC1
_BUFFCOM                      bssCOMRAM    000037
_BUFFRESP                     bssCOMRAM    000030
_BusyXLCD                     text20       001196
_Delay10KTCYx                 text19       001248
_Delay10TCYx                  text22       00126E
_Delay1KTCYx                  text18       00125E
_DelayFor18TCY                text21       001292
_DelayPORXLCD                 text17       00128A
_INTCONbits                   (abs)        000FF2
_LATBbits                     (abs)        000F8A
_OpenXLCD                     text14       000D62
_PEIE                         (abs)        007F96
_PIR1bits                     (abs)        000F9E
_PORTB                        (abs)        000F81
_PORTCbits                    (abs)        000F82
_PORTDbits                    (abs)        000F83
_RCIE                         (abs)        007CED
_RCIF                         (abs)        007CF5
_RCIP                         (abs)        007CFD
_RCREG                        (abs)        000FAE
_RCSTA                        (abs)        000FAB
_SPBRG                        (abs)        000FAF
_SetDDRamAddr                 text16       001086
_T0CONbits                    (abs)        000FD5
_TMR0                         (abs)        000FD6
_TMR0IF                       (abs)        007F92
_TRISB                        (abs)        000F93
_TRISBbits                    (abs)        000F93
_TRISC                        (abs)        000F94
_TRISCbits                    (abs)        000F94
_TRISD                        (abs)        000F95
_TXIF                         (abs)        007CF4
_TXREG                        (abs)        000FAD
_TXSTA                        (abs)        000FAC
_WriteCmdXLCD                 text15       001158
_WriteDataXLCD                text7        00111A
__CFG_PBADEN$OFF              (abs)        000000
__CFG_WDT$OFF                 (abs)        000000
__HRAM                        (abs)        000000
__Habs1                       abs1         000000
__Hbank0                      bank0        000000
__Hbank1                      bank1        000000
__Hbank2                      bank2        000000
__Hbank3                      bank3        000000
__Hbank4                      bank4        000000
__Hbank5                      bank5        000000
__Hbank6                      bank6        000000
__Hbank7                      bank7        000000
__Hbigbss                     bigbss       000000
__Hbigdata                    bigdata      000000
__Hbigram                     bigram       000000
__Hbss                        bss          000000
__HbssBANK0                   bssBANK0     000000
__HbssCOMRAM                  bssCOMRAM    000000
__Hcinit                      cinit        000000
__Hclrtext                    clrtext      000000
__Hcomram                     comram       000000
__Hconfig                     config       30000E
__Hconst                      const        000000
__HcstackBANK0                cstackBANK0  000000
__HcstackCOMRAM               cstackCOMRAM 000000
__Hdata                       data         000000
__HdataBANK0                  dataBANK0    000000
__HdataCOMRAM                 dataCOMRAM   000000
__Heeprom_data                eeprom_data  000000
__Hfarbss                     farbss       000000
__Hfardata                    fardata      000000
__Hibigdata                   ibigdata     000000
__Hidata                      idata        000000
__HidataBANK0                 idataBANK0   000000
__HidataCOMRAM                idataCOMRAM  000000
__Hidloc                      idloc        200008
__Hifardata                   ifardata     000000
__Hinit                       init         0000C8
__Hintcode                    intcode      000004
__Hintcode_body               intcode_body 000000
__Hintcodelo                  intcodelo    0000C4
__Hintentry                   intentry     000000
__Hintret                     intret       000000
__Hintsave_regs               intsave_regs 000000
__Hirdata                     irdata       000000
__Hmediumconst                mediumconst  000000
__HnvFARRAM                   nvFARRAM     000000
__Hnvbit                      nvbit        000000
__Hnvrram                     nvrram       000000
__Hparam                      rparam       000000
__Hpowerup                    powerup      0000C4
__Hram                        ram          000000
__Hramtop                     ramtop       000800
__Hrbit                       rbit         000000
__Hrbss                       rbss         000000
__Hrdata                      rdata        000000
__Hreset_vec                  reset_vec    000004
__Hrparam                     rparam       000000
__Hsfr                        sfr          000000
__Hsmallconst                 smallconst   000850
__Hspace_0                    (abs)        30000E
__Hspace_1                    (abs)        00008E
__Hspace_2                    (abs)        000000
__Hstack                      stack        000000
__Hstruct                     struct       000000
__Htemp                       temp         00004F
__Htext                       text         000000
__Htext0                      text0        000000
__Htext1                      text1        000000
__Htext10                     text10       000000
__Htext11                     text11       000000
__Htext12                     text12       000000
__Htext13                     text13       000000
__Htext14                     text14       000000
__Htext15                     text15       000000
__Htext16                     text16       000000
__Htext17                     text17       000000
__Htext18                     text18       000000
__Htext19                     text19       000000
__Htext2                      text2        000000
__Htext20                     text20       000000
__Htext21                     text21       000000
__Htext22                     text22       000000
__Htext3                      text3        000000
__Htext4                      text4        000000
__Htext5                      text5        000000
__Htext6                      text6        000000
__Htext7                      text7        000000
__Htext8                      text8        000000
__Htext9                      text9        000000
__LRAM                        (abs)        000001
__Labs1                       abs1         000000
__Lbank0                      bank0        000000
__Lbank1                      bank1        000000
__Lbank2                      bank2        000000
__Lbank3                      bank3        000000
__Lbank4                      bank4        000000
__Lbank5                      bank5        000000
__Lbank6                      bank6        000000
__Lbank7                      bank7        000000
__Lbigbss                     bigbss       000000
__Lbigdata                    bigdata      000000
__Lbigram                     bigram       000000
__Lbss                        bss          000000
__LbssBANK0                   bssBANK0     000000
__LbssCOMRAM                  bssCOMRAM    000000
__Lcinit                      cinit        000000
__Lclrtext                    clrtext      000000
__Lcomram                     comram       000000
__Lconfig                     config       300000
__Lconst                      const        000000
__LcstackBANK0                cstackBANK0  000000
__LcstackCOMRAM               cstackCOMRAM 000000
__Ldata                       data         000000
__LdataBANK0                  dataBANK0    000000
__LdataCOMRAM                 dataCOMRAM   000000
__Leeprom_data                eeprom_data  000000
__Lfarbss                     farbss       000000
__Lfardata                    fardata      000000
__Libigdata                   ibigdata     000000
__Lidata                      idata        000000
__LidataBANK0                 idataBANK0   000000
__LidataCOMRAM                idataCOMRAM  000000
__Lidloc                      idloc        200000
__Lifardata                   ifardata     000000
__Linit                       init         0000C4
__Lintcode                    intcode      000004
__Lintcode_body               intcode_body 000000
__Lintcodelo                  intcodelo    000018
__Lintentry                   intentry     000000
__Lintret                     intret       000000
__Lintsave_regs               intsave_regs 000000
__Lirdata                     irdata       000000
__Lmediumconst                mediumconst  000000
__LnvFARRAM                   nvFARRAM     000000
__Lnvbit                      nvbit        000000
__Lnvrram                     nvrram       000000
__Lparam                      rparam       000000
__Lpowerup                    powerup      0000C4
__Lram                        ram          000000
__Lramtop                     ramtop       000800
__Lrbit                       rbit         000000
__Lrbss                       rbss         000000
__Lrdata                      rdata        000000
__Lreset_vec                  reset_vec    000000
__Lrparam                     rparam       000000
__Lsfr                        sfr          000000
__Lsmallconst                 smallconst   000800
__Lspace_0                    (abs)        000000
__Lspace_1                    (abs)        000000
__Lspace_2                    (abs)        000000
__Lstack                      stack        000000
__Lstruct                     struct       000000
__Ltemp                       temp         00004E
__Ltext                       text         000000
__Ltext0                      text0        000000
__Ltext1                      text1        000000
__Ltext10                     text10       000000
__Ltext11                     text11       000000
__Ltext12                     text12       000000
__Ltext13                     text13       000000
__Ltext14                     text14       000000
__Ltext15                     text15       000000
__Ltext16                     text16       000000
__Ltext17                     text17       000000
__Ltext18                     text18       000000
__Ltext19                     text19       000000
__Ltext2                      text2        000000
__Ltext20                     text20       000000
__Ltext21                     text21       000000
__Ltext22                     text22       000000
__Ltext3                      text3        000000
__Ltext4                      text4        000000
__Ltext5                      text5        000000
__Ltext6                      text6        000000
__Ltext7                      text7        000000
__Ltext8                      text8        000000
__Ltext9                      text9        000000
__S0                          (abs)        30000E
__S1                          (abs)        00008E
__S2                          (abs)        000000
___awmod                      text3        000EA4
___awmod@counter              cstackCOMRAM 000016
___awmod@dividend             cstackCOMRAM 000012
___awmod@divisor              cstackCOMRAM 000014
___awmod@sign                 cstackCOMRAM 000017
___inthi_sp                   stack        000000
___intlo_sp                   stack        000000
___lwdiv                      text11       001034
___lwdiv@counter              cstackCOMRAM 000016
___lwdiv@dividend             cstackCOMRAM 000012
___lwdiv@divisor              cstackCOMRAM 000014
___lwdiv@quotient             cstackCOMRAM 000017
___lwmod                      text10       0010D8
___lwmod@counter              cstackCOMRAM 00001D
___lwmod@dividend             cstackCOMRAM 000019
___lwmod@divisor              cstackCOMRAM 00001B
___param_bank                 (abs)        000000
___rparam_used                (abs)        000001
___sp                         stack        000000
__accesstop                   (abs)        000060
__activetblptr                (abs)        000002
__end_of_BusyXLCD             text20       0011D0
__end_of_Delay10KTCYx         text19       00125E
__end_of_Delay10TCYx          text22       00127E
__end_of_Delay1KTCYx          text18       00126E
__end_of_DelayFor18TCY        text21       00129A
__end_of_DelayPORXLCD         text17       001292
__end_of_OpenXLCD             text14       000E06
__end_of_SetDDRamAddr         text16       0010D8
__end_of_WriteCmdXLCD         text15       001196
__end_of_WriteDataXLCD        text7        001158
__end_of___awmod              text3        000F14
__end_of___lwdiv              text11       001086
__end_of___lwmod              text10       00111A
__end_of__initialization      cinit        000F6C
__end_of_acionaDespertador    text12       001204
__end_of_atualiza_Tela        text5        000B00
__end_of_converteAnoString    text8        00122A
__end_of_dpowers              smallconst   00080B
__end_of_init_XLCD            text13       001248
__end_of_main                 text0        000C32
__end_of_pic_isr              intcodelo    0000C4
__end_of_putrsXLCD            text6        000FD8
__end_of_setaDespertador      text4        000EA4
__end_of_sprintf              text9        0009C0
__end_of_trata_relogio_data   text1        000D62
__end_of_verificaAnoBissexto  text2        001034
__initialization              cinit        000F14
__mediumconst                 mediumconst  000000
__pbssBANK0                   bssBANK0     000060
__pbssCOMRAM                  bssCOMRAM    000028
__pcinit                      cinit        000F14
__pcstackBANK0                cstackBANK0  000074
__pcstackCOMRAM               cstackCOMRAM 000001
__pdataBANK0                  dataBANK0    000082
__pdataCOMRAM                 dataCOMRAM   000047
__pidataBANK0                 idataBANK0   00127E
__pidataCOMRAM                idataCOMRAM  00129A
__pintcodelo                  intcodelo    000018
__psmallconst                 smallconst   000800
__ptext0                      text0        000B00
__ptext1                      text1        000C32
__ptext10                     text10       0010D8
__ptext11                     text11       001034
__ptext12                     text12       0011D0
__ptext13                     text13       00122A
__ptext14                     text14       000D62
__ptext15                     text15       001158
__ptext16                     text16       001086
__ptext17                     text17       00128A
__ptext18                     text18       00125E
__ptext19                     text19       001248
__ptext2                      text2        000FD8
__ptext20                     text20       001196
__ptext21                     text21       001292
__ptext22                     text22       00126E
__ptext3                      text3        000EA4
__ptext4                      text4        000E06
__ptext5                      text5        0009C0
__ptext6                      text6        000F7A
__ptext7                      text7        00111A
__ptext8                      text8        001204
__ptext9                      text9        000850
__ramtop                      ramtop       000800
__size_of_BusyXLCD            (abs)        000000
__size_of_Delay10KTCYx        (abs)        000000
__size_of_Delay10TCYx         (abs)        000000
__size_of_Delay1KTCYx         (abs)        000000
__size_of_DelayFor18TCY       (abs)        000000
__size_of_DelayPORXLCD        (abs)        000000
__size_of_OpenXLCD            (abs)        000000
__size_of_SetDDRamAddr        (abs)        000000
__size_of_WriteCmdXLCD        (abs)        000000
__size_of_WriteDataXLCD       (abs)        000000
__size_of___awmod             (abs)        000000
__size_of___lwdiv             (abs)        000000
__size_of___lwmod             (abs)        000000
__size_of_acionaDespertador   (abs)        000000
__size_of_atualiza_Tela       (abs)        000000
__size_of_converteAnoString   (abs)        000000
__size_of_init_XLCD           (abs)        000000
__size_of_main                (abs)        000000
__size_of_pic_isr             (abs)        000000
__size_of_putrsXLCD           (abs)        000000
__size_of_setaDespertador     (abs)        000000
__size_of_sprintf             (abs)        000000
__size_of_trata_relogio_data  (abs)        000000
__size_of_verificaAnoBissexto (abs)        000000
__smallconst                  smallconst   000800
_acionaDespertador            text12       0011D0
_atualiza_Tela                text5        0009C0
_botaoHora                    bssCOMRAM    00002B
_botaoMin                     bssCOMRAM    00002A
_cont                         bssCOMRAM    00002D
_converteAnoString            text8        001204
_data_horario                 bssBANK0     000060
_dias_mes                     dataBANK0    000082
_dpowers                      smallconst   000801
_estado                       bssCOMRAM    00002F
_flagDespertadorLigado        bssCOMRAM    00002C
_flagSegundo                  bssCOMRAM    00002E
_horarioDespertador           bssCOMRAM    00003E
_init_XLCD                    text13       00122A
_main                         text0        000B00
_pegaHoraData                 bssCOMRAM    000044
_pic_isr                      intcodelo    000018
_putrsXLCD                    text6        000F7A
_setaDespertador              text4        000E06
_sprintf                      text9        000850
_tela_atual                   bssCOMRAM    000028
_tempoDespertador             bssCOMRAM    000029
_trata_relogio_data           text1        000C32
_verificaAnoBissexto          text2        000FD8
_versao                       dataCOMRAM   000048
_virouDia                     dataCOMRAM   000047
atualiza_Tela@troca_ou_nao    cstackCOMRAM 000027
btemp                         temp         00004E
converteAnoString@ano         cstackCOMRAM 000025
converteAnoString@anoStr      cstackBANK0  00007B
end_of_initialization         cinit        000F6C
int$flags                     temp         00004E
intlevel0                     text         000000
intlevel1                     text         000000
intlevel2                     text         000000
intlevel3                     text         000000
main@botao                    cstackBANK0  000081
putrsXLCD@buffer              cstackBANK0  00007F
sprintf@ap                    cstackBANK0  000074
sprintf@c                     cstackBANK0  00007A
sprintf@f                     cstackCOMRAM 000020
sprintf@flag                  cstackBANK0  000076
sprintf@prec                  cstackBANK0  000077
sprintf@sp                    cstackCOMRAM 00001E
sprintf@val                   cstackBANK0  000078
stackhi                       (abs)        0007FF
stacklo                       (abs)        00008E
start                         init         0000C4
start_initialization          cinit        000F14
verificaAnoBissexto@ano       cstackCOMRAM 000018


FUNCTION INFORMATION:

 *************** function _main *****************
 Defined at:
		line 578 in file "main.c"
 Parameters:    Size  Location     Type
		None
 Auto vars:     Size  Location     Type
  botao           1   13[BANK0 ] unsigned char 
 Return value:  Size  Location     Type
                  1    wreg      void 
 Registers used:
		wreg, fsr0l, fsr0h, fsr2l, fsr2h, status,2, status,0, tblptrl, tblptrh, tblptru, prodl, prodh, cstack
 Tracked objects:
		On entry : 
		On exit  : 
		Unchanged: 
 Data sizes:     COMRAM   BANK0   BANK1   BANK2   BANK3   BANK4   BANK5   BANK6   BANK7
      Params:         0       0       0       0       0       0       0       0       0
      Locals:         0       1       0       0       0       0       0       0       0
      Temps:          0       0       0       0       0       0       0       0       0
      Totals:         0       1       0       0       0       0       0       0       0
Total ram usage:        1 bytes
 Hardware stack levels required when called:    7
 This function calls:
		_Delay10KTCYx
		_atualiza_Tela
		_init_XLCD
		_setaDespertador
		_trata_relogio_data
 This function is called by:
		Startup code after reset
 This function uses a non-reentrant model


 *************** function _trata_relogio_data *****************
 Defined at:
		line 137 in file "main.c"
 Parameters:    Size  Location     Type
		None
 Auto vars:     Size  Location     Type
		None
 Return value:  Size  Location     Type
                  1    wreg      void 
 Registers used:
		wreg, fsr2l, fsr2h, status,2, status,0, cstack
 Tracked objects:
		On entry : 
		On exit  : 
		Unchanged: 
 Data sizes:     COMRAM   BANK0   BANK1   BANK2   BANK3   BANK4   BANK5   BANK6   BANK7
      Params:         0       0       0       0       0       0       0       0       0
      Locals:         0       0       0       0       0       0       0       0       0
      Temps:          5       0       0       0       0       0       0       0       0
      Totals:         5       0       0       0       0       0       0       0       0
Total ram usage:        5 bytes
 Hardware stack levels used:    1
 Hardware stack levels required when called:    3
 This function calls:
		_verificaAnoBissexto
 This function is called by:
		_main
 This function uses a non-reentrant model


 *************** function _verificaAnoBissexto *****************
 Defined at:
		line 109 in file "main.c"
 Parameters:    Size  Location     Type
  ano             2   23[COMRAM] int 
 Auto vars:     Size  Location     Type
		None
 Return value:  Size  Location     Type
                  1    wreg      unsigned char 
 Registers used:
		wreg, status,2, status,0, cstack
 Tracked objects:
		On entry : 
		On exit  : 
		Unchanged: 
 Data sizes:     COMRAM   BANK0   BANK1   BANK2   BANK3   BANK4   BANK5   BANK6   BANK7
      Params:         2       0       0       0       0       0       0       0       0
      Locals:         0       0       0       0       0       0       0       0       0
      Temps:          2       0       0       0       0       0       0       0       0
      Totals:         4       0       0       0       0       0       0       0       0
Total ram usage:        4 bytes
 Hardware stack levels used:    1
 Hardware stack levels required when called:    2
 This function calls:
		___awmod
 This function is called by:
		_trata_relogio_data
 This function uses a non-reentrant model


 *************** function ___awmod *****************
 Defined at:
		line 8 in file "C:\Program Files (x86)\Microchip\xc8\v1.41\sources\common\awmod.c"
 Parameters:    Size  Location     Type
  dividend        2   17[COMRAM] int 
  divisor         2   19[COMRAM] int 
 Auto vars:     Size  Location     Type
  sign            1   22[COMRAM] unsigned char 
  counter         1   21[COMRAM] unsigned char 
 Return value:  Size  Location     Type
                  2   17[COMRAM] int 
 Registers used:
		wreg, status,2, status,0
 Tracked objects:
		On entry : 
		On exit  : 
		Unchanged: 
 Data sizes:     COMRAM   BANK0   BANK1   BANK2   BANK3   BANK4   BANK5   BANK6   BANK7
      Params:         4       0       0       0       0       0       0       0       0
      Locals:         2       0       0       0       0       0       0       0       0
      Temps:          0       0       0       0       0       0       0       0       0
      Totals:         6       0       0       0       0       0       0       0       0
Total ram usage:        6 bytes
 Hardware stack levels used:    1
 Hardware stack levels required when called:    1
 This function calls:
		Nothing
 This function is called by:
		_verificaAnoBissexto
		_trataComando
 This function uses a non-reentrant model


 *************** function _setaDespertador *****************
 Defined at:
		line 264 in file "main.c"
 Parameters:    Size  Location     Type
		None
 Auto vars:     Size  Location     Type
		None
 Return value:  Size  Location     Type
                  1    wreg      void 
 Registers used:
		wreg, fsr0l, fsr0h, fsr2l, fsr2h, status,2, status,0, tblptrl, tblptrh, tblptru, prodl, prodh, cstack
 Tracked objects:
		On entry : 
		On exit  : 
		Unchanged: 
 Data sizes:     COMRAM   BANK0   BANK1   BANK2   BANK3   BANK4   BANK5   BANK6   BANK7
      Params:         0       0       0       0       0       0       0       0       0
      Locals:         0       0       0       0       0       0       0       0       0
      Temps:          0       0       0       0       0       0       0       0       0
      Totals:         0       0       0       0       0       0       0       0       0
Total ram usage:        0 bytes
 Hardware stack levels used:    1
 Hardware stack levels required when called:    6
 This function calls:
		_Delay10KTCYx
		_atualiza_Tela
 This function is called by:
		_main
 This function uses a non-reentrant model


 *************** function _atualiza_Tela *****************
 Defined at:
		line 216 in file "main.c"
 Parameters:    Size  Location     Type
  troca_ou_nao    1    wreg     unsigned char 
 Auto vars:     Size  Location     Type
  troca_ou_nao    1   38[COMRAM] unsigned char 
 Return value:  Size  Location     Type
                  1    wreg      void 
 Registers used:
		wreg, fsr0l, fsr0h, fsr2l, fsr2h, status,2, status,0, tblptrl, tblptrh, tblptru, prodl, prodh, cstack
 Tracked objects:
		On entry : 
		On exit  : 
		Unchanged: 
 Data sizes:     COMRAM   BANK0   BANK1   BANK2   BANK3   BANK4   BANK5   BANK6   BANK7
      Params:         0       0       0       0       0       0       0       0       0
      Locals:         1       0       0       0       0       0       0       0       0
      Temps:          0       0       0       0       0       0       0       0       0
      Totals:         1       0       0       0       0       0       0       0       0
Total ram usage:        1 bytes
 Hardware stack levels used:    1
 Hardware stack levels required when called:    5
 This function calls:
		_SetDDRamAddr
		_acionaDespertador
		_converteAnoString
		_putrsXLCD
 This function is called by:
		_setaDespertador
		_main
 This function uses a non-reentrant model


 *************** function _putrsXLCD *****************
 Defined at:
		line 16 in file "C:\Program Files (x86)\Microchip\xc8\v1.41\sources\pic18\plib\XLCD\putrxlcd.c"
 Parameters:    Size  Location     Type
  buffer          2   11[BANK0 ] PTR const unsigned char 
		 -> STR_8(7), STR_7(6), STR_6(17), STR_5(7), 
		 -> STR_4(7), versao(6), STR_3(9), STR_2(17), 
		 -> horarioDespertador(6), data_horario.data(7), data_horario.horario(9), data_horario(20), 
		 -> converteAnoString@anoStr(4), 
 Auto vars:     Size  Location     Type
		None
 Return value:  Size  Location     Type
                  1    wreg      void 
 Registers used:
		wreg, fsr0l, fsr0h, status,2, status,0, tblptrl, tblptrh, tblptru, cstack
 Tracked objects:
		On entry : 
		On exit  : 
		Unchanged: 
 Data sizes:     COMRAM   BANK0   BANK1   BANK2   BANK3   BANK4   BANK5   BANK6   BANK7
      Params:         0       2       0       0       0       0       0       0       0
      Locals:         0       0       0       0       0       0       0       0       0
      Temps:          0       0       0       0       0       0       0       0       0
      Totals:         0       2       0       0       0       0       0       0       0
Total ram usage:        2 bytes
 Hardware stack levels used:    1
 Hardware stack levels required when called:    4
 This function calls:
		_BusyXLCD
		_WriteDataXLCD
 This function is called by:
		_atualiza_Tela
 This function uses a non-reentrant model


 *************** function _WriteDataXLCD *****************
 Defined at:
		line 16 in file "C:\Program Files (x86)\Microchip\xc8\v1.41\sources\pic18\plib\XLCD\writdata.c"
 Parameters:    Size  Location     Type
  data            1    wreg     unsigned char 
 Auto vars:     Size  Location     Type
  data            1   18[COMRAM] unsigned char 
 Return value:  Size  Location     Type
                  1    wreg      void 
 Registers used:
		wreg, status,2, status,0, cstack
 Tracked objects:
		On entry : 
		On exit  : 
		Unchanged: 
 Data sizes:     COMRAM   BANK0   BANK1   BANK2   BANK3   BANK4   BANK5   BANK6   BANK7
      Params:         0       0       0       0       0       0       0       0       0
      Locals:         1       0       0       0       0       0       0       0       0
      Temps:          0       0       0       0       0       0       0       0       0
      Totals:         1       0       0       0       0       0       0       0       0
Total ram usage:        1 bytes
 Hardware stack levels used:    1
 Hardware stack levels required when called:    3
 This function calls:
		_DelayFor18TCY
 This function is called by:
		_putrsXLCD
 This function uses a non-reentrant model


 *************** function _converteAnoString *****************
 Defined at:
		line 131 in file "main.c"
 Parameters:    Size  Location     Type
  ano             2   36[COMRAM] int 
 Auto vars:     Size  Location     Type
  anoStr          4    7[BANK0 ] unsigned char [4]
 Return value:  Size  Location     Type
                  2   36[COMRAM] PTR unsigned char 
 Registers used:
		wreg, fsr2l, fsr2h, status,2, status,0, tblptrl, tblptrh, tblptru, prodl, prodh, cstack
 Tracked objects:
		On entry : 
		On exit  : 
		Unchanged: 
 Data sizes:     COMRAM   BANK0   BANK1   BANK2   BANK3   BANK4   BANK5   BANK6   BANK7
      Params:         2       0       0       0       0       0       0       0       0
      Locals:         0       4       0       0       0       0       0       0       0
      Temps:          0       0       0       0       0       0       0       0       0
      Totals:         2       4       0       0       0       0       0       0       0
Total ram usage:        6 bytes
 Hardware stack levels used:    1
 Hardware stack levels required when called:    3
 This function calls:
		_sprintf
 This function is called by:
		_atualiza_Tela
 This function uses a non-reentrant model


 *************** function _sprintf *****************
 Defined at:
		line 492 in file "C:\Program Files (x86)\Microchip\xc8\v1.41\sources\common\doprnt.c"
 Parameters:    Size  Location     Type
  sp              2   29[COMRAM] PTR unsigned char 
		 -> converteAnoString@anoStr(4), 
  f               2   31[COMRAM] PTR const unsigned char 
		 -> STR_1(3), 
 Auto vars:     Size  Location     Type
  tmpval          4    0        struct .
  cp              3    0        PTR const unsigned char 
  val             2    4[BANK0 ] unsigned int 
  ap              2    0[BANK0 ] PTR void [1]
		 -> ?_sprintf(2), 
  len             2    0        unsigned int 
  c               1    6[BANK0 ] char 
  prec            1    3[BANK0 ] char 
  flag            1    2[BANK0 ] unsigned char 
 Return value:  Size  Location     Type
                  2   29[COMRAM] int 
 Registers used:
		wreg, fsr2l, fsr2h, status,2, status,0, tblptrl, tblptrh, tblptru, prodl, prodh, cstack
 Tracked objects:
		On entry : 
		On exit  : 
		Unchanged: 
 Data sizes:     COMRAM   BANK0   BANK1   BANK2   BANK3   BANK4   BANK5   BANK6   BANK7
      Params:         6       0       0       0       0       0       0       0       0
      Locals:         0       7       0       0       0       0       0       0       0
      Temps:          1       0       0       0       0       0       0       0       0
      Totals:         7       7       0       0       0       0       0       0       0
Total ram usage:       14 bytes
 Hardware stack levels used:    1
 Hardware stack levels required when called:    2
 This function calls:
		___lwdiv
		___lwmod
 This function is called by:
		_converteAnoString
 This function uses a non-reentrant model


 *************** function ___lwmod *****************
 Defined at:
		line 8 in file "C:\Program Files (x86)\Microchip\xc8\v1.41\sources\common\lwmod.c"
 Parameters:    Size  Location     Type
  dividend        2   24[COMRAM] unsigned int 
  divisor         2   26[COMRAM] unsigned int 
 Auto vars:     Size  Location     Type
  counter         1   28[COMRAM] unsigned char 
 Return value:  Size  Location     Type
                  2   24[COMRAM] unsigned int 
 Registers used:
		wreg, status,2, status,0
 Tracked objects:
		On entry : 
		On exit  : 
		Unchanged: 
 Data sizes:     COMRAM   BANK0   BANK1   BANK2   BANK3   BANK4   BANK5   BANK6   BANK7
      Params:         4       0       0       0       0       0       0       0       0
      Locals:         1       0       0       0       0       0       0       0       0
      Temps:          0       0       0       0       0       0       0       0       0
      Totals:         5       0       0       0       0       0       0       0       0
Total ram usage:        5 bytes
 Hardware stack levels used:    1
 Hardware stack levels required when called:    1
 This function calls:
		Nothing
 This function is called by:
		_sprintf
 This function uses a non-reentrant model


 *************** function ___lwdiv *****************
 Defined at:
		line 8 in file "C:\Program Files (x86)\Microchip\xc8\v1.41\sources\common\lwdiv.c"
 Parameters:    Size  Location     Type
  dividend        2   17[COMRAM] unsigned int 
  divisor         2   19[COMRAM] unsigned int 
 Auto vars:     Size  Location     Type
  quotient        2   22[COMRAM] unsigned int 
  counter         1   21[COMRAM] unsigned char 
 Return value:  Size  Location     Type
                  2   17[COMRAM] unsigned int 
 Registers used:
		wreg, status,2, status,0
 Tracked objects:
		On entry : 
		On exit  : 
		Unchanged: 
 Data sizes:     COMRAM   BANK0   BANK1   BANK2   BANK3   BANK4   BANK5   BANK6   BANK7
      Params:         4       0       0       0       0       0       0       0       0
      Locals:         3       0       0       0       0       0       0       0       0
      Temps:          0       0       0       0       0       0       0       0       0
      Totals:         7       0       0       0       0       0       0       0       0
Total ram usage:        7 bytes
 Hardware stack levels used:    1
 Hardware stack levels required when called:    1
 This function calls:
		Nothing
 This function is called by:
		_sprintf
 This function uses a non-reentrant model


 *************** function _acionaDespertador *****************
 Defined at:
		line 207 in file "main.c"
 Parameters:    Size  Location     Type
		None
 Auto vars:     Size  Location     Type
		None
 Return value:  Size  Location     Type
                  1    wreg      void 
 Registers used:
		wreg, status,2, status,0
 Tracked objects:
		On entry : 
		On exit  : 
		Unchanged: 
 Data sizes:     COMRAM   BANK0   BANK1   BANK2   BANK3   BANK4   BANK5   BANK6   BANK7
      Params:         0       0       0       0       0       0       0       0       0
      Locals:         0       0       0       0       0       0       0       0       0
      Temps:          0       0       0       0       0       0       0       0       0
      Totals:         0       0       0       0       0       0       0       0       0
Total ram usage:        0 bytes
 Hardware stack levels used:    1
 Hardware stack levels required when called:    1
 This function calls:
		Nothing
 This function is called by:
		_atualiza_Tela
 This function uses a non-reentrant model


 *************** function _init_XLCD *****************
 Defined at:
		line 200 in file "main.c"
 Parameters:    Size  Location     Type
		None
 Auto vars:     Size  Location     Type
		None
 Return value:  Size  Location     Type
                  1    wreg      void 
 Registers used:
		wreg, status,2, status,0, cstack
 Tracked objects:
		On entry : 
		On exit  : 
		Unchanged: 
 Data sizes:     COMRAM   BANK0   BANK1   BANK2   BANK3   BANK4   BANK5   BANK6   BANK7
      Params:         0       0       0       0       0       0       0       0       0
      Locals:         0       0       0       0       0       0       0       0       0
      Temps:          0       0       0       0       0       0       0       0       0
      Totals:         0       0       0       0       0       0       0       0       0
Total ram usage:        0 bytes
 Hardware stack levels used:    1
 Hardware stack levels required when called:    5
 This function calls:
		_BusyXLCD
		_OpenXLCD
		_WriteCmdXLCD
 This function is called by:
		_main
 This function uses a non-reentrant model


 *************** function _OpenXLCD *****************
 Defined at:
		line 19 in file "C:\Program Files (x86)\Microchip\xc8\v1.41\sources\pic18\plib\XLCD\openxlcd.c"
 Parameters:    Size  Location     Type
  lcdtype         1    wreg     unsigned char 
 Auto vars:     Size  Location     Type
  lcdtype         1   22[COMRAM] unsigned char 
 Return value:  Size  Location     Type
                  1    wreg      void 
 Registers used:
		wreg, status,2, status,0, cstack
 Tracked objects:
		On entry : 
		On exit  : 
		Unchanged: 
 Data sizes:     COMRAM   BANK0   BANK1   BANK2   BANK3   BANK4   BANK5   BANK6   BANK7
      Params:         0       0       0       0       0       0       0       0       0
      Locals:         1       0       0       0       0       0       0       0       0
      Temps:          0       0       0       0       0       0       0       0       0
      Totals:         1       0       0       0       0       0       0       0       0
Total ram usage:        1 bytes
 Hardware stack levels used:    1
 Hardware stack levels required when called:    4
 This function calls:
		_BusyXLCD
		_Delay10KTCYx
		_DelayPORXLCD
		_SetDDRamAddr
		_WriteCmdXLCD
 This function is called by:
		_init_XLCD
 This function uses a non-reentrant model


 *************** function _WriteCmdXLCD *****************
 Defined at:
		line 13 in file "C:\Program Files (x86)\Microchip\xc8\v1.41\sources\pic18\plib\XLCD\wcmdxlcd.c"
 Parameters:    Size  Location     Type
  cmd             1    wreg     unsigned char 
 Auto vars:     Size  Location     Type
  cmd             1   18[COMRAM] unsigned char 
 Return value:  Size  Location     Type
                  1    wreg      void 
 Registers used:
		wreg, status,2, status,0, cstack
 Tracked objects:
		On entry : 
		On exit  : 
		Unchanged: 
 Data sizes:     COMRAM   BANK0   BANK1   BANK2   BANK3   BANK4   BANK5   BANK6   BANK7
      Params:         0       0       0       0       0       0       0       0       0
      Locals:         1       0       0       0       0       0       0       0       0
      Temps:          0       0       0       0       0       0       0       0       0
      Totals:         1       0       0       0       0       0       0       0       0
Total ram usage:        1 bytes
 Hardware stack levels used:    1
 Hardware stack levels required when called:    3
 This function calls:
		_DelayFor18TCY
 This function is called by:
		_init_XLCD
		_OpenXLCD
 This function uses a non-reentrant model


 *************** function _SetDDRamAddr *****************
 Defined at:
		line 13 in file "C:\Program Files (x86)\Microchip\xc8\v1.41\sources\pic18\plib\XLCD\setddram.c"
 Parameters:    Size  Location     Type
  DDaddr          1    wreg     unsigned char 
 Auto vars:     Size  Location     Type
  DDaddr          1   21[COMRAM] unsigned char 
 Return value:  Size  Location     Type
                  1    wreg      void 
 Registers used:
		wreg, status,2, status,0, cstack
 Tracked objects:
		On entry : 
		On exit  : 
		Unchanged: 
 Data sizes:     COMRAM   BANK0   BANK1   BANK2   BANK3   BANK4   BANK5   BANK6   BANK7
      Params:         0       0       0       0       0       0       0       0       0
      Locals:         1       0       0       0       0       0       0       0       0
      Temps:          3       0       0       0       0       0       0       0       0
      Totals:         4       0       0       0       0       0       0       0       0
Total ram usage:        4 bytes
 Hardware stack levels used:    1
 Hardware stack levels required when called:    3
 This function calls:
		_DelayFor18TCY
 This function is called by:
		_atualiza_Tela
		_OpenXLCD
 This function uses a non-reentrant model


 *************** function _DelayPORXLCD *****************
 Defined at:
		line 76 in file "main.c"
 Parameters:    Size  Location     Type
		None
 Auto vars:     Size  Location     Type
		None
 Return value:  Size  Location     Type
                  1    wreg      void 
 Registers used:
		wreg, cstack
 Tracked objects:
		On entry : 
		On exit  : 
		Unchanged: 
 Data sizes:     COMRAM   BANK0   BANK1   BANK2   BANK3   BANK4   BANK5   BANK6   BANK7
      Params:         0       0       0       0       0       0       0       0       0
      Locals:         0       0       0       0       0       0       0       0       0
      Temps:          0       0       0       0       0       0       0       0       0
      Totals:         0       0       0       0       0       0       0       0       0
Total ram usage:        0 bytes
 Hardware stack levels used:    1
 Hardware stack levels required when called:    2
 This function calls:
		_Delay1KTCYx
 This function is called by:
		_OpenXLCD
 This function uses a non-reentrant model


 *************** function _Delay1KTCYx *****************
 Defined at:
		line 8 in file "C:\Program Files (x86)\Microchip\xc8\v1.41\sources\pic18\d1ktcyx.c"
 Parameters:    Size  Location     Type
  unit            1    wreg     unsigned char 
 Auto vars:     Size  Location     Type
  unit            1   17[COMRAM] unsigned char 
 Return value:  Size  Location     Type
                  1    wreg      void 
 Registers used:
		wreg
 Tracked objects:
		On entry : 
		On exit  : 
		Unchanged: 
 Data sizes:     COMRAM   BANK0   BANK1   BANK2   BANK3   BANK4   BANK5   BANK6   BANK7
      Params:         0       0       0       0       0       0       0       0       0
      Locals:         1       0       0       0       0       0       0       0       0
      Temps:          0       0       0       0       0       0       0       0       0
      Totals:         1       0       0       0       0       0       0       0       0
Total ram usage:        1 bytes
 Hardware stack levels used:    1
 Hardware stack levels required when called:    1
 This function calls:
		Nothing
 This function is called by:
		_DelayPORXLCD
		_DelayXLCD
 This function uses a non-reentrant model


 *************** function _Delay10KTCYx *****************
 Defined at:
		line 8 in file "C:\Program Files (x86)\Microchip\xc8\v1.41\sources\pic18\d10ktcyx.c"
 Parameters:    Size  Location     Type
  unit            1    wreg     unsigned char 
 Auto vars:     Size  Location     Type
  unit            1   18[COMRAM] unsigned char 
 Return value:  Size  Location     Type
                  1    wreg      void 
 Registers used:
		wreg
 Tracked objects:
		On entry : 
		On exit  : 
		Unchanged: 
 Data sizes:     COMRAM   BANK0   BANK1   BANK2   BANK3   BANK4   BANK5   BANK6   BANK7
      Params:         0       0       0       0       0       0       0       0       0
      Locals:         1       0       0       0       0       0       0       0       0
      Temps:          1       0       0       0       0       0       0       0       0
      Totals:         2       0       0       0       0       0       0       0       0
Total ram usage:        2 bytes
 Hardware stack levels used:    1
 Hardware stack levels required when called:    1
 This function calls:
		Nothing
 This function is called by:
		_setaDespertador
		_main
		_OpenXLCD
 This function uses a non-reentrant model


 *************** function _BusyXLCD *****************
 Defined at:
		line 11 in file "C:\Program Files (x86)\Microchip\xc8\v1.41\sources\pic18\plib\XLCD\busyxlcd.c"
 Parameters:    Size  Location     Type
		None
 Auto vars:     Size  Location     Type
		None
 Return value:  Size  Location     Type
                  1    wreg      unsigned char 
 Registers used:
		wreg, cstack
 Tracked objects:
		On entry : 
		On exit  : 
		Unchanged: 
 Data sizes:     COMRAM   BANK0   BANK1   BANK2   BANK3   BANK4   BANK5   BANK6   BANK7
      Params:         0       0       0       0       0       0       0       0       0
      Locals:         0       0       0       0       0       0       0       0       0
      Temps:          0       0       0       0       0       0       0       0       0
      Totals:         0       0       0       0       0       0       0       0       0
Total ram usage:        0 bytes
 Hardware stack levels used:    1
 Hardware stack levels required when called:    3
 This function calls:
		_DelayFor18TCY
 This function is called by:
		_init_XLCD
		_OpenXLCD
		_putrsXLCD
 This function uses a non-reentrant model


 *************** function _DelayFor18TCY *****************
 Defined at:
		line 72 in file "main.c"
 Parameters:    Size  Location     Type
		None
 Auto vars:     Size  Location     Type
		None
 Return value:  Size  Location     Type
                  1    wreg      void 
 Registers used:
		wreg, cstack
 Tracked objects:
		On entry : 
		On exit  : 
		Unchanged: 
 Data sizes:     COMRAM   BANK0   BANK1   BANK2   BANK3   BANK4   BANK5   BANK6   BANK7
      Params:         0       0       0       0       0       0       0       0       0
      Locals:         0       0       0       0       0       0       0       0       0
      Temps:          0       0       0       0       0       0       0       0       0
      Totals:         0       0       0       0       0       0       0       0       0
Total ram usage:        0 bytes
 Hardware stack levels used:    1
 Hardware stack levels required when called:    2
 This function calls:
		_Delay10TCYx
 This function is called by:
		_BusyXLCD
		_SetDDRamAddr
		_WriteCmdXLCD
		_WriteDataXLCD
 This function uses a non-reentrant model


 *************** function _Delay10TCYx *****************
 Defined at:
		line 8 in file "C:\Program Files (x86)\Microchip\xc8\v1.41\sources\pic18\d10tcyx.c"
 Parameters:    Size  Location     Type
  unit            1    wreg     unsigned char 
 Auto vars:     Size  Location     Type
  unit            1   17[COMRAM] unsigned char 
 Return value:  Size  Location     Type
                  1    wreg      void 
 Registers used:
		wreg
 Tracked objects:
		On entry : 
		On exit  : 
		Unchanged: 
 Data sizes:     COMRAM   BANK0   BANK1   BANK2   BANK3   BANK4   BANK5   BANK6   BANK7
      Params:         0       0       0       0       0       0       0       0       0
      Locals:         1       0       0       0       0       0       0       0       0
      Temps:          0       0       0       0       0       0       0       0       0
      Totals:         1       0       0       0       0       0       0       0       0
Total ram usage:        1 bytes
 Hardware stack levels used:    1
 Hardware stack levels required when called:    1
 This function calls:
		Nothing
 This function is called by:
		_DelayFor18TCY
 This function uses a non-reentrant model


 *************** function _pic_isr *****************
 Defined at:
		line 90 in file "main.c"
 Parameters:    Size  Location     Type
		None
 Auto vars:     Size  Location     Type
		None
 Return value:  Size  Location     Type
                  1    wreg      void 
 Registers used:
		wreg, status,2, status,0
 Tracked objects:
		On entry : 
		On exit  : 
		Unchanged: 
 Data sizes:     COMRAM   BANK0   BANK1   BANK2   BANK3   BANK4   BANK5   BANK6   BANK7
      Params:         0       0       0       0       0       0       0       0       0
      Locals:         0       0       0       0       0       0       0       0       0
      Temps:         17       0       0       0       0       0       0       0       0
      Totals:        17       0       0       0       0       0       0       0       0
Total ram usage:       17 bytes
 Hardware stack levels used:    1
 This function calls:
		Nothing
 This function is called by:
		Interrupt level 1
 This function uses a non-reentrant model



MODULE INFORMATION

Module		Function		Class		Link	Load	Size
C:\Program Files (x86)\Microchip\xc8\v1.41\sources\common\lwdiv.c
		___lwdiv       		CODE           	1034	0000	83

C:\Program Files (x86)\Microchip\xc8\v1.41\sources\common\lwdiv.c estimated size: 83

C:\Program Files (x86)\Microchip\xc8\v1.41\sources\pic18\d10tcyx.c
		_Delay10TCYx   		CODE           	126E	0000	17

C:\Program Files (x86)\Microchip\xc8\v1.41\sources\pic18\d10tcyx.c estimated size: 17

C:\Program Files (x86)\Microchip\xc8\v1.41\sources\common\doprnt.c
		_sprintf       		CODE           	0850	0000	369

C:\Program Files (x86)\Microchip\xc8\v1.41\sources\common\doprnt.c estimated size: 369

C:\Program Files (x86)\Microchip\xc8\v1.41\sources\pic18\plib\XLCD\openxlcd.c
		_OpenXLCD      		CODE           	0D62	0000	165

C:\Program Files (x86)\Microchip\xc8\v1.41\sources\pic18\plib\XLCD\openxlcd.c estimated size: 165

C:\Program Files (x86)\Microchip\xc8\v1.41\sources\pic18\plib\XLCD\wcmdxlcd.c
		_WriteCmdXLCD  		CODE           	1158	0000	63

C:\Program Files (x86)\Microchip\xc8\v1.41\sources\pic18\plib\XLCD\wcmdxlcd.c estimated size: 63

C:\Program Files (x86)\Microchip\xc8\v1.41\sources\pic18\plib\XLCD\busyxlcd.c
		_BusyXLCD      		CODE           	1196	0000	59

C:\Program Files (x86)\Microchip\xc8\v1.41\sources\pic18\plib\XLCD\busyxlcd.c estimated size: 59

C:\Program Files (x86)\Microchip\xc8\v1.41\sources\pic18\d1ktcyx.c
		_Delay1KTCYx   		CODE           	125E	0000	17

C:\Program Files (x86)\Microchip\xc8\v1.41\sources\pic18\d1ktcyx.c estimated size: 17

shared
		_dpowers       		SMALLCONST     	0801	0000	11
		__initialization		CODE           	0F14	0000	89

shared estimated size: 100

C:\Program Files (x86)\Microchip\xc8\v1.41\sources\common\lwmod.c
		___lwmod       		CODE           	10D8	0000	67

C:\Program Files (x86)\Microchip\xc8\v1.41\sources\common\lwmod.c estimated size: 67

C:\Program Files (x86)\Microchip\xc8\v1.41\sources\common\awmod.c
		___awmod       		CODE           	0EA4	0000	113

C:\Program Files (x86)\Microchip\xc8\v1.41\sources\common\awmod.c estimated size: 113

C:\Program Files (x86)\Microchip\xc8\v1.41\sources\pic18\plib\XLCD\writdata.c
		_WriteDataXLCD 		CODE           	111A	0000	63

C:\Program Files (x86)\Microchip\xc8\v1.41\sources\pic18\plib\XLCD\writdata.c estimated size: 63

C:\Program Files (x86)\Microchip\xc8\v1.41\sources\pic18\plib\XLCD\setddram.c
		_SetDDRamAddr  		CODE           	1086	0000	83

C:\Program Files (x86)\Microchip\xc8\v1.41\sources\pic18\plib\XLCD\setddram.c estimated size: 83

C:\Program Files (x86)\Microchip\xc8\v1.41\sources\pic18\d10ktcyx.c
		_Delay10KTCYx  		CODE           	1248	0000	23

C:\Program Files (x86)\Microchip\xc8\v1.41\sources\pic18\d10ktcyx.c estimated size: 23

main.c
		_pic_isr       		CODE           	0018	0000	173
		_converteAnoString		CODE           	1204	0000	39
		_trata_relogio_data		CODE           	0C32	0000	305
		_main          		CODE           	0B00	0000	307
		_DelayFor18TCY 		CODE           	1292	0000	9
		_DelayPORXLCD  		CODE           	128A	0000	9
		_atualiza_Tela 		CODE           	09C0	0000	321
		_acionaDespertador		CODE           	11D0	0000	53
		_verificaAnoBissexto		CODE           	0FD8	0000	93
		_setaDespertador		CODE           	0E06	0000	159
		_init_XLCD     		CODE           	122A	0000	31

main.c estimated size: 1499

C:\Program Files (x86)\Microchip\xc8\v1.41\sources\pic18\plib\XLCD\putrxlcd.c
		_putrsXLCD     		CODE           	0F7A	0000	95

C:\Program Files (x86)\Microchip\xc8\v1.41\sources\pic18\plib\XLCD\putrxlcd.c estimated size: 95

